// Jest Snapshot v1, https://goo.gl/fbAQLP

exports[`searchInput should match snapshot 1`] = `
<div
  className="inputWrapper"
>
  <input
    onBlur={[Function]}
    onChange={[Function]}
    onFocus={[Function]}
    placeholder="test"
    type="text"
    value=""
  />
  <span />
</div>
`;
